// Jest Snapshot v1, https://goo.gl/fbAQLP

exports[`App should match snapshot 1`] = `
<DocumentFragment>
  <div
    class="App"
  >
    <h1>
      Loading...
    </h1>
  </div>
</DocumentFragment>
`;
